[    0.000000] Linux version 4.15.0-118-generic (buildd@lgw01-amd64-039) (gcc version 7.5.0 (Ubuntu 7.5.0-3ubuntu1~18.04)) #119-Ubuntu SMP Tue Sep 8 12:30:01 UTC 2020 (Ubuntu 4.15.0-118.119-generic 4.15.18)
[    0.000000] Command line: BOOT_IMAGE=/boot/vmlinuz-4.15.0-118-generic root=LABEL=cloudimg-rootfs ro console=tty1 console=ttyS0
[    0.000000] KERNEL supported cpus:
[    0.000000]   Intel GenuineIntel
[    0.000000]   AMD AuthenticAMD
[    0.000000]   Centaur CentaurHauls
[    0.000000] x86/fpu: Supporting XSAVE feature 0x001: 'x87 floating point registers'
[    0.000000] x86/fpu: Supporting XSAVE feature 0x002: 'SSE registers'
[    0.000000] x86/fpu: Supporting XSAVE feature 0x004: 'AVX registers'
[    0.000000] x86/fpu: xstate_offset[2]:  576, xstate_sizes[2]:  256
[    0.000000] x86/fpu: Enabled xstate features 0x7, context size is 832 bytes, using 'standard' format.
[    0.000000] e820: BIOS-provided physical RAM map:
[    0.000000] BIOS-e820: [mem 0x0000000000000000-0x000000000009fbff] usable
[    0.000000] BIOS-e820: [mem 0x000000000009fc00-0x000000000009ffff] reserved
[    0.000000] BIOS-e820: [mem 0x00000000000f0000-0x00000000000fffff] reserved
[    0.000000] BIOS-e820: [mem 0x0000000000100000-0x000000001ffeffff] usable
[    0.000000] BIOS-e820: [mem 0x000000001fff0000-0x000000001fffffff] ACPI data
[    0.000000] BIOS-e820: [mem 0x00000000fec00000-0x00000000fec00fff] reserved
[    0.000000] BIOS-e820: [mem 0x00000000fee00000-0x00000000fee00fff] reserved
[    0.000000] BIOS-e820: [mem 0x00000000fffc0000-0x00000000ffffffff] reserved
[    0.000000] NX (Execute Disable) protection: active
[    0.000000] SMBIOS 2.5 present.
[    0.000000] DMI: innotek GmbH VirtualBox/VirtualBox, BIOS VirtualBox 12/01/2006
[    0.000000] Hypervisor detected: KVM
[    0.000000] e820: last_pfn = 0x1fff0 max_arch_pfn = 0x400000000
[    0.000000] MTRR: Disabled
[    0.000000] x86/PAT: MTRRs disabled, skipping PAT initialization too.
[    0.000000] CPU MTRRs all blank - virtualized system.
[    0.000000] x86/PAT: Configuration [0-7]: WB  WT  UC- UC  WB  WT  UC- UC  
[    0.000000] found SMP MP-table at [mem 0x0009fff0-0x0009ffff]
[    0.000000] Scanning 1 areas for low memory corruption
[    0.000000] RAMDISK: [mem 0x1db8c000-0x1ee50fff]
[    0.000000] ACPI: Early table checksum verification disabled
[    0.000000] ACPI: RSDP 0x00000000000E0000 000024 (v02 VBOX  )
[    0.000000] ACPI: XSDT 0x000000001FFF0030 00003C (v01 VBOX   VBOXXSDT 00000001 ASL  00000061)
[    0.000000] ACPI: FACP 0x000000001FFF00F0 0000F4 (v04 VBOX   VBOXFACP 00000001 ASL  00000061)
[    0.000000] ACPI: DSDT 0x000000001FFF0470 002325 (v02 VBOX   VBOXBIOS 00000002 INTL 20100528)
[    0.000000] ACPI: FACS 0x000000001FFF0200 000040
[    0.000000] ACPI: FACS 0x000000001FFF0200 000040
[    0.000000] ACPI: APIC 0x000000001FFF0240 000054 (v02 VBOX   VBOXAPIC 00000001 ASL  00000061)
[    0.000000] ACPI: SSDT 0x000000001FFF02A0 0001CC (v01 VBOX   VBOXCPUT 00000002 INTL 20100528)
[    0.000000] No NUMA configuration found
[    0.000000] Faking a node at [mem 0x0000000000000000-0x000000001ffeffff]
[    0.000000] NODE_DATA(0) allocated [mem 0x1ffc5000-0x1ffeffff]
[    0.000000] kvm-clock: cpu 0, msr 0:1ff44001, primary cpu clock
[    0.000000] kvm-clock: Using msrs 4b564d01 and 4b564d00
[    0.000000] kvm-clock: using sched offset of 5692694296 cycles
[    0.000000] clocksource: kvm-clock: mask: 0xffffffffffffffff max_cycles: 0x1cd42e4dffb, max_idle_ns: 881590591483 ns
[    0.000000] Zone ranges:
[    0.000000]   DMA      [mem 0x0000000000001000-0x0000000000ffffff]
[    0.000000]   DMA32    [mem 0x0000000001000000-0x000000001ffeffff]
[    0.000000]   Normal   empty
[    0.000000]   Device   empty
[    0.000000] Movable zone start for each node
[    0.000000] Early memory node ranges
[    0.000000]   node   0: [mem 0x0000000000001000-0x000000000009efff]
[    0.000000]   node   0: [mem 0x0000000000100000-0x000000001ffeffff]
[    0.000000] Reserved but unavailable: 98 pages
[    0.000000] Initmem setup node 0 [mem 0x0000000000001000-0x000000001ffeffff]
[    0.000000] ACPI: PM-Timer IO Port: 0x4008
[    0.000000] IOAPIC[0]: apic_id 1, version 32, address 0xfec00000, GSI 0-23
[    0.000000] ACPI: INT_SRC_OVR (bus 0 bus_irq 0 global_irq 2 dfl dfl)
[    0.000000] ACPI: INT_SRC_OVR (bus 0 bus_irq 9 global_irq 9 low level)
[    0.000000] Using ACPI (MADT) for SMP configuration information
[    0.000000] smpboot: Allowing 1 CPUs, 0 hotplug CPUs
[    0.000000] PM: Registered nosave memory: [mem 0x00000000-0x00000fff]
[    0.000000] PM: Registered nosave memory: [mem 0x0009f000-0x0009ffff]
[    0.000000] PM: Registered nosave memory: [mem 0x000a0000-0x000effff]
[    0.000000] PM: Registered nosave memory: [mem 0x000f0000-0x000fffff]
[    0.000000] e820: [mem 0x20000000-0xfebfffff] available for PCI devices
[    0.000000] Booting paravirtualized kernel on KVM
[    0.000000] clocksource: refined-jiffies: mask: 0xffffffff max_cycles: 0xffffffff, max_idle_ns: 7645519600211568 ns
[    0.000000] random: get_random_bytes called from start_kernel+0x99/0x500 with crng_init=0
[    0.000000] setup_percpu: NR_CPUS:8192 nr_cpumask_bits:1 nr_cpu_ids:1 nr_node_ids:1
[    0.000000] percpu: Embedded 45 pages/cpu s147456 r8192 d28672 u2097152
[    0.000000] PV qspinlock hash table entries: 256 (order: 0, 4096 bytes)
[    0.000000] Built 1 zonelists, mobility grouping on.  Total pages: 128889
[    0.000000] Policy zone: DMA32
[    0.000000] Kernel command line: BOOT_IMAGE=/boot/vmlinuz-4.15.0-118-generic root=LABEL=cloudimg-rootfs ro console=tty1 console=ttyS0
[    0.000000] Memory: 467112K/523832K available (12300K kernel code, 2482K rwdata, 4272K rodata, 2436K init, 2724K bss, 56720K reserved, 0K cma-reserved)
[    0.000000] SLUB: HWalign=64, Order=0-3, MinObjects=0, CPUs=1, Nodes=1
[    0.000000] Kernel/User page tables isolation: enabled
[    0.000000] ftrace: allocating 39396 entries in 154 pages
[    0.004000] Hierarchical RCU implementation.
[    0.004000] 	RCU restricting CPUs from NR_CPUS=8192 to nr_cpu_ids=1.
[    0.004000] 	Tasks RCU enabled.
[    0.004000] RCU: Adjusting geometry for rcu_fanout_leaf=16, nr_cpu_ids=1
[    0.004000] NR_IRQS: 524544, nr_irqs: 256, preallocated irqs: 16
[    0.004000] Console: colour VGA+ 80x25
[    0.004000] console [tty1] enabled
[    0.004000] console [ttyS0] enabled
[    0.004000] ACPI: Core revision 20170831
[    0.004000] ACPI: 2 ACPI AML tables successfully acquired and loaded
[    0.004000] APIC: Switch to symmetric I/O mode setup
[    0.004000] x2apic enabled
[    0.004016] Switched APIC routing to physical x2apic.
[    0.008000] ..TIMER: vector=0x30 apic1=0 pin1=2 apic2=-1 pin2=-1
[    0.008008] tsc: Detected 2399.996 MHz processor
[    0.011700] Calibrating delay loop (skipped) preset value.. 4799.99 BogoMIPS (lpj=9599984)
[    0.012011] pid_max: default: 32768 minimum: 301
[    0.014272] Security Framework initialized
[    0.016012] Yama: becoming mindful.
[    0.017872] AppArmor: AppArmor initialized
[    0.020174] Dentry cache hash table entries: 65536 (order: 7, 524288 bytes)
[    0.024071] Inode-cache hash table entries: 32768 (order: 6, 262144 bytes)
[    0.026827] Mount-cache hash table entries: 1024 (order: 1, 8192 bytes)
[    0.028010] Mountpoint-cache hash table entries: 1024 (order: 1, 8192 bytes)
[    0.032526] process: using mwait in idle threads
[    0.034944] Last level iTLB entries: 4KB 64, 2MB 8, 4MB 8
[    0.036008] Last level dTLB entries: 4KB 64, 2MB 0, 4MB 0, 1GB 4
[    0.038471] Spectre V1 : Mitigation: usercopy/swapgs barriers and __user pointer sanitization
[    0.040007] Spectre V2 : Mitigation: Full generic retpoline
[    0.044005] Spectre V2 : Spectre v2 / SpectreRSB mitigation: Filling RSB on context switch
[    0.048005] Speculative Store Bypass: Vulnerable
[    0.052129] SRBDS: Unknown: Dependent on hypervisor status
[    0.055112] MDS: Vulnerable: Clear CPU buffers attempted, no microcode
[    0.094329] Freeing SMP alternatives memory: 36K
[    0.209809] smpboot: CPU0: Intel(R) Core(TM) i5-6200U CPU @ 2.30GHz (family: 0x6, model: 0x4e, stepping: 0x3)
[    0.212172] Performance Events: unsupported p6 CPU model 78 no PMU driver, software events only.
[    0.216138] Hierarchical SRCU implementation.
[    0.221499] NMI watchdog: Perf event create on CPU 0 failed with -2
[    0.224007] NMI watchdog: Perf NMI watchdog permanently disabled
[    0.228100] smp: Bringing up secondary CPUs ...
[    0.230496] smp: Brought up 1 node, 1 CPU
[    0.232011] smpboot: Max logical packages: 1
[    0.236010] smpboot: Total of 1 processors activated (4799.99 BogoMIPS)
[    0.240271] devtmpfs: initialized
[    0.242360] x86/mm: Memory block size: 128MB
[    0.244324] evm: security.selinux
[    0.246193] evm: security.SMACK64
[    0.248016] evm: security.SMACK64EXEC
[    0.250026] evm: security.SMACK64TRANSMUTE
[    0.252006] evm: security.SMACK64MMAP
[    0.256006] evm: security.apparmor
[    0.258062] evm: security.ima
[    0.260007] evm: security.capability
[    0.262277] clocksource: jiffies: mask: 0xffffffff max_cycles: 0xffffffff, max_idle_ns: 7645041785100000 ns
[    0.264054] futex hash table entries: 256 (order: 2, 16384 bytes)
[    0.268130] pinctrl core: initialized pinctrl subsystem
[    0.271145] RTC time: 17:09:51, date: 10/09/20
[    0.272241] NET: Registered protocol family 16
[    0.274966] audit: initializing netlink subsys (disabled)
[    0.276339] cpuidle: using governor ladder
[    0.280015] audit: type=2000 audit(1602263398.490:1): state=initialized audit_enabled=0 res=1
[    0.284013] cpuidle: using governor menu
[    0.288113] ACPI: bus type PCI registered
[    0.292010] acpiphp: ACPI Hot Plug PCI Controller Driver version: 0.5
[    0.296083] PCI: Using configuration type 1 for base access
[    0.302143] HugeTLB registered 2.00 MiB page size, pre-allocated 0 pages
[    0.304431] ACPI: Added _OSI(Module Device)
[    0.306691] ACPI: Added _OSI(Processor Device)
[    0.308016] ACPI: Added _OSI(3.0 _SCP Extensions)
[    0.312009] ACPI: Added _OSI(Processor Aggregator Device)
[    0.316052] ACPI: Added _OSI(Linux-Dell-Video)
[    0.318530] ACPI: Added _OSI(Linux-Lenovo-NV-HDMI-Audio)
[    0.320009] ACPI: Added _OSI(Linux-HPI-Hybrid-Graphics)
[    0.324890] ACPI: Executed 1 blocks of module-level executable AML code
[    0.344764] ACPI: Interpreter enabled
[    0.347008] ACPI: (supports S0 S5)
[    0.348010] ACPI: Using IOAPIC for interrupt routing
[    0.352890] PCI: Using host bridge windows from ACPI; if necessary, use "pci=nocrs" and report a bug
[    0.356564] ACPI: Enabled 2 GPEs in block 00 to 07
[    0.383812] ACPI: PCI Root Bridge [PCI0] (domain 0000 [bus 00-ff])
[    0.384021] acpi PNP0A03:00: _OSC: OS supports [ASPM ClockPM Segments MSI]
[    0.393185] acpi PNP0A03:00: _OSC: not requesting OS control; OS requires [ExtendedConfig ASPM ClockPM MSI]
[    0.396041] acpi PNP0A03:00: fail to add MMCONFIG information, can't access extended PCI configuration space under this bridge.
[    0.405252] PCI host bridge to bus 0000:00
[    0.407445] pci_bus 0000:00: root bus resource [io  0x0000-0x0cf7 window]
[    0.408014] pci_bus 0000:00: root bus resource [io  0x0d00-0xffff window]
[    0.412033] pci_bus 0000:00: root bus resource [mem 0x000a0000-0x000bffff window]
[    0.416011] pci_bus 0000:00: root bus resource [mem 0x20000000-0xfdffffff window]
[    0.420011] pci_bus 0000:00: root bus resource [bus 00-ff]
[    0.432901] pci 0000:00:01.1: legacy IDE quirk: reg 0x10: [io  0x01f0-0x01f7]
[    0.436012] pci 0000:00:01.1: legacy IDE quirk: reg 0x14: [io  0x03f6]
[    0.439363] pci 0000:00:01.1: legacy IDE quirk: reg 0x18: [io  0x0170-0x0177]
[    0.440017] pci 0000:00:01.1: legacy IDE quirk: reg 0x1c: [io  0x0376]
[    0.474093] pci 0000:00:07.0: quirk: [io  0x4000-0x403f] claimed by PIIX4 ACPI
[    0.476053] pci 0000:00:07.0: quirk: [io  0x4100-0x410f] claimed by PIIX4 SMB
[    0.498733] ACPI: PCI Interrupt Link [LNKA] (IRQs 5 9 10 *11)
[    0.500859] ACPI: PCI Interrupt Link [LNKB] (IRQs 5 9 *10 11)
[    0.504306] ACPI: PCI Interrupt Link [LNKC] (IRQs 5 *9 10 11)
[    0.507393] ACPI: PCI Interrupt Link [LNKD] (IRQs 5 9 10 *11)
[    0.508855] SCSI subsystem initialized
[    0.512231] pci 0000:00:02.0: vgaarb: setting as boot VGA device
[    0.514724] pci 0000:00:02.0: vgaarb: VGA device added: decodes=io+mem,owns=io+mem,locks=none
[    0.516021] pci 0000:00:02.0: vgaarb: bridge control possible
[    0.518359] vgaarb: loaded
[    0.520090] ACPI: bus type USB registered
[    0.521883] usbcore: registered new interface driver usbfs
[    0.524032] usbcore: registered new interface driver hub
[    0.526344] usbcore: registered new device driver usb
[    0.528166] EDAC MC: Ver: 3.0.0
[    0.532742] PCI: Using ACPI for IRQ routing
[    0.536947] NetLabel: Initializing
[    0.540007] NetLabel:  domain hash size = 128
[    0.541876] NetLabel:  protocols = UNLABELED CIPSOv4 CALIPSO
[    0.544049] NetLabel:  unlabeled traffic allowed by default
[    0.546647] clocksource: Switched to clocksource kvm-clock
[    0.590814] VFS: Disk quotas dquot_6.6.0
[    0.592702] VFS: Dquot-cache hash table entries: 512 (order 0, 4096 bytes)
[    0.595941] AppArmor: AppArmor Filesystem Enabled
[    0.597951] pnp: PnP ACPI init
[    0.602589] pnp: PnP ACPI: found 3 devices
[    0.611475] clocksource: acpi_pm: mask: 0xffffff max_cycles: 0xffffff, max_idle_ns: 2085701024 ns
[    0.615437] NET: Registered protocol family 2
[    0.617990] TCP established hash table entries: 4096 (order: 3, 32768 bytes)
[    0.620847] TCP bind hash table entries: 4096 (order: 4, 65536 bytes)
[    0.623483] TCP: Hash tables configured (established 4096 bind 4096)
[    0.626366] UDP hash table entries: 256 (order: 1, 8192 bytes)
[    0.629201] UDP-Lite hash table entries: 256 (order: 1, 8192 bytes)
[    0.632011] NET: Registered protocol family 1
[    0.634011] pci 0000:00:00.0: Limiting direct PCI/PCI transfers
[    0.636494] pci 0000:00:01.0: Activating ISA DMA hang workarounds
[    0.639165] pci 0000:00:02.0: Video device with shadowed ROM at [mem 0x000c0000-0x000dffff]
[    0.643075] Unpacking initramfs...
[    1.406411] Freeing initrd memory: 19220K
[    1.408457] clocksource: tsc: mask: 0xffffffffffffffff max_cycles: 0x229833f6470, max_idle_ns: 440795327230 ns
[    1.412255] platform rtc_cmos: registered platform RTC device (no PNP device found)
[    1.416238] Scanning for low memory corruption every 60 seconds
[    1.419707] Initialise system trusted keyrings
[    1.421834] Key type blacklist registered
[    1.423686] workingset: timestamp_bits=36 max_order=17 bucket_order=0
[    1.429004] zbud: loaded
[    1.431814] squashfs: version 4.0 (2009/01/31) Phillip Lougher
[    1.435421] fuse init (API version 7.26)
[    1.439928] Key type asymmetric registered
[    1.442737] Asymmetric key parser 'x509' registered
[    1.446594] Block layer SCSI generic (bsg) driver version 0.4 loaded (major 246)
[    1.450733] io scheduler noop registered
[    1.452519] io scheduler deadline registered
[    1.454527] io scheduler cfq registered (default)
[    1.457059] ACPI: AC Adapter [AC] (off-line)
[    1.458959] input: Power Button as /devices/LNXSYSTM:00/LNXPWRBN:00/input/input0
[    1.462902] ACPI: Power Button [PWRF]
[    1.464741] input: Sleep Button as /devices/LNXSYSTM:00/LNXSLPBN:00/input/input1
[    1.467898] ACPI: Sleep Button [SLPF]
[    1.471812] ACPI: Battery Slot [BAT0] (battery present)
[    1.474288] Serial: 8250/16550 driver, 32 ports, IRQ sharing enabled
[    1.499410] 00:02: ttyS0 at I/O 0x3f8 (irq = 4, base_baud = 115200) is a 16550A
[    1.511984] Linux agpgart interface v0.103
[    1.516046] loop: module loaded
[    1.518542] scsi host0: ata_piix
[    1.520165] scsi host1: ata_piix
[    1.521743] ata1: PATA max UDMA/33 cmd 0x1f0 ctl 0x3f6 bmdma 0xd000 irq 14
[    1.525352] ata2: PATA max UDMA/33 cmd 0x170 ctl 0x376 bmdma 0xd008 irq 15
[    1.531559] libphy: Fixed MDIO Bus: probed
[    1.533948] tun: Universal TUN/TAP device driver, 1.6
[    1.536650] PPP generic driver version 2.4.2
[    1.538582] ehci_hcd: USB 2.0 'Enhanced' Host Controller (EHCI) Driver
[    1.541354] ehci-pci: EHCI PCI platform driver
[    1.543615] ehci-platform: EHCI generic platform driver
[    1.545988] ohci_hcd: USB 1.1 'Open' Host Controller (OHCI) Driver
[    1.548454] ohci-pci: OHCI PCI platform driver
[    1.550322] ohci-platform: OHCI generic platform driver
[    1.552544] uhci_hcd: USB Universal Host Controller Interface driver
[    1.555405] i8042: PNP: PS/2 Controller [PNP0303:PS2K,PNP0f03:PS2M] at 0x60,0x64 irq 1,12
[    1.559839] serio: i8042 KBD port at 0x60,0x64 irq 1
[    1.562292] serio: i8042 AUX port at 0x60,0x64 irq 12
[    1.564623] mousedev: PS/2 mouse device common for all mice
[    1.567554] input: AT Translated Set 2 keyboard as /devices/platform/i8042/serio0/input/input2
[    1.571851] rtc_cmos rtc_cmos: rtc core: registered rtc_cmos as rtc0
[    1.574857] rtc_cmos rtc_cmos: alarms up to one day, 114 bytes nvram
[    1.577502] i2c /dev entries driver
[    1.579427] device-mapper: uevent: version 1.0.3
[    1.581534] device-mapper: ioctl: 4.37.0-ioctl (2017-09-20) initialised: dm-devel@redhat.com
[    1.585195] ledtrig-cpu: registered to indicate activity on CPUs
[    1.589600] intel_pmc_core:  initialized
[    1.591680] NET: Registered protocol family 10
[    1.600722] Segment Routing with IPv6
[    1.602374] NET: Registered protocol family 17
[    1.604230] Key type dns_resolver registered
[    1.606530] mce: Using 0 MCE banks
[    1.608215] RAS: Correctable Errors collector initialized.
[    1.612097] sched_clock: Marking stable (1611992990, 0)->(2077130461, -465137471)
[    1.616042] registered taskstats version 1
[    1.618996] Loading compiled-in X.509 certificates
[    1.625195] Loaded X.509 cert 'Build time autogenerated kernel key: 12f2d460e247d21dc5d156478bb7d4abc0f5a070'
[    1.629570] zswap: loaded using pool lzo/zbud
[    1.637716] Key type big_key registered
[    1.639380] Key type trusted registered
[    1.644213] Key type encrypted registered
[    1.646236] AppArmor: AppArmor sha1 policy hashing enabled
[    1.648726] ima: No TPM chip found, activating TPM-bypass! (rc=-19)
[    1.651705] ima: Allocated hash algorithm: sha1
[    1.653664] evm: HMAC attrs: 0x1
[    1.655627]   Magic number: 8:121:188
[    1.657341] rtc_cmos rtc_cmos: setting system clock to 2020-10-09 17:09:52 UTC (1602263392)
[    1.660886] BIOS EDD facility v0.16 2004-Jun-25, 0 devices found
[    1.663787] EDD information not available.
[    1.727227] Freeing unused kernel image memory: 2436K
[    1.732242] Write protecting the kernel read-only data: 20480k
[    1.736915] Freeing unused kernel image memory: 2008K
[    1.740644] Freeing unused kernel image memory: 1872K
[    1.772802] x86/mm: Checked W+X mappings: passed, no W+X pages found.
[    1.777585] x86/mm: Checking user space page tables
[    1.803346] x86/mm: Checked W+X mappings: passed, no W+X pages found.
Loading, please wait...
starting version 237
[    2.059667] Fusion MPT base driver 3.04.20
[    2.061685] Copyright (c) 1999-2008 LSI Corporation
[    2.074123] e1000: Intel(R) PRO/1000 Network Driver - version 7.3.21-k8-NAPI
[    2.077136] e1000: Copyright (c) 1999-2006 Intel Corporation.
[    2.107323] Fusion MPT SPI Host driver 3.04.20
[    2.181662] AVX2 version of gcm_enc/dec engaged.
[    2.184076] AES CTR mode by8 optimization enabled
[    2.300424] input: ImExPS/2 Generic Explorer Mouse as /devices/platform/i8042/serio1/input/input4
[    2.755562] e1000 0000:00:03.0 eth0: (PCI:33MHz:32-bit) 02:7d:29:b6:4b:3c
[    2.758467] e1000 0000:00:03.0 eth0: Intel(R) PRO/1000 Network Connection
[    2.763624] mptbase: ioc0: Initiating bringup
[    2.861236] ioc0: LSI53C1030 A0: Capabilities={Initiator}
[    3.109348] scsi host2: ioc0: LSI53C1030 A0, FwRev=00000000h, Ports=1, MaxQ=256, IRQ=20
[    3.284714] scsi 2:0:0:0: Direct-Access     VBOX     HARDDISK         1.0  PQ: 0 ANSI: 5
[    3.295202] scsi target2:0:0: Beginning Domain Validation
[    3.300401] random: fast init done
[    3.305316] scsi target2:0:0: Domain Validation skipping write tests
[    3.310867] scsi target2:0:0: Ending Domain Validation
[    3.315030] scsi target2:0:0: asynchronous
[    3.319180] scsi 2:0:1:0: Direct-Access     VBOX     HARDDISK         1.0  PQ: 0 ANSI: 5
[    3.326293] scsi target2:0:1: Beginning Domain Validation
[    3.342550] scsi target2:0:1: Domain Validation skipping write tests
[    3.347164] scsi target2:0:1: Ending Domain Validation
[    3.357054] scsi target2:0:1: asynchronous
[    3.426222] sd 2:0:0:0: [sda] 20971520 512-byte logical blocks: (10.7 GB/10.0 GiB)
[    3.446511] sd 2:0:0:0: Attached scsi generic sg0 type 0
[    3.459362] sd 2:0:1:0: [sdb] 20480 512-byte logical blocks: (10.5 MB/10.0 MiB)
[    3.468291] sd 2:0:1:0: Attached scsi generic sg1 type 0
[    3.472343] sd 2:0:0:0: [sda] Write Protect is off
[    3.474778] sd 2:0:1:0: [sdb] Write Protect is off
[    3.477549] random: systemd-udevd: uninitialized urandom read (16 bytes read)
[    3.487013] sd 2:0:0:0: [sda] Incomplete mode parameter data
[    3.490063] sd 2:0:0:0: [sda] Assuming drive cache: write through
[    3.494534] sd 2:0:1:0: [sdb] Incomplete mode parameter data
[    3.500489] sd 2:0:1:0: [sdb] Assuming drive cache: write through
[    3.514471]  sda: sda1
[    3.517400] sd 2:0:0:0: [sda] Attached SCSI disk
[    3.523801] random: systemd-udevd: uninitialized urandom read (16 bytes read)
[    3.548212] sd 2:0:1:0: [sdb] Attached SCSI disk
[    3.551319] random: systemd-udevd: uninitialized urandom read (16 bytes read)
[    4.346714] e1000 0000:00:08.0 eth1: (PCI:33MHz:32-bit) 08:00:27:d2:4f:6f
[    4.353410] e1000 0000:00:08.0 eth1: Intel(R) PRO/1000 Network Connection
[    4.367733] e1000 0000:00:03.0 enp0s3: renamed from eth0
[    4.399742] e1000 0000:00:08.0 enp0s8: renamed from eth1
Begin: Loading essential drivers ... [    6.540458] raid6: sse2x1   gen()  4940 MB/s
[    6.588250] raid6: sse2x1   xor()  3546 MB/s
[    6.636044] raid6: sse2x2   gen()  6135 MB/s
[    6.684522] raid6: sse2x2   xor()  3813 MB/s
[    6.732702] raid6: sse2x4   gen()  7026 MB/s
[    6.780075] raid6: sse2x4   xor()  4417 MB/s
[    6.828032] raid6: avx2x1   gen()  9905 MB/s
[    6.876207] raid6: avx2x1   xor()  5418 MB/s
[    6.924494] raid6: avx2x2   gen()  8205 MB/s
[    6.972397] raid6: avx2x2   xor()  5642 MB/s
[    7.020156] raid6: avx2x4   gen() 11086 MB/s
[    7.068075] raid6: avx2x4   xor()  6740 MB/s
[    7.070701] raid6: using algorithm avx2x4 gen() 11086 MB/s
[    7.074054] raid6: .... xor() 6740 MB/s, rmw enabled
[    7.076804] raid6: using avx2x2 recovery algorithm
[    7.083942] xor: automatically using best checksumming function   avx       
[    7.093583] async_tx: api initialized (async)
done.
Begin: Running /scripts/init-premount ... done.
Begin: Mounting root file system ... Begin: Running /scripts/local-top ... done.
Begin: Running /scripts/local-premount ... [    7.215593] Btrfs loaded, crc32c=crc32c-intel
Scanning for Btrfs filesystems
done.
Warning: fsck not present, so skipping root file system
[    7.290866] EXT4-fs (sda1): mounted filesystem with ordered data mode. Opts: (null)
done.
Begin: Running /scripts/local-bottom ... done.
Begin: Running /scripts/init-bottom ... done.
[    7.581989] ip_tables: (C) 2000-2006 Netfilter Core Team
[    7.602600] systemd[1]: systemd 237 running in system mode. (+PAM +AUDIT +SELINUX +IMA +APPARMOR +SMACK +SYSVINIT +UTMP +LIBCRYPTSETUP +GCRYPT +GNUTLS +ACL +XZ +LZ4 +SECCOMP +BLKID +ELFUTILS +KMOD -IDN2 +IDN -PCRE2 default-hierarchy=hybrid)
[    7.611661] systemd[1]: Detected virtualization oracle.
[    7.613954] systemd[1]: Detected architecture x86-64.

Welcome to [1mUbuntu 18.04.5 LTS[0m!

[    7.622785] systemd[1]: Set hostname to <ubuntu>.
[    7.632172] systemd[1]: Initializing machine ID from random generator.
[    7.636428] systemd[1]: Installed transient /etc/machine-id file.
[    8.216497] systemd[1]: Reached target User and Group Name Lookups.
[[0;32m  OK  [0m] Reached target User and Group Name Lookups.
[    8.223665] systemd[1]: Created slice User and Session Slice.
[[0;32m  OK  [0m] Created slice User and Session Slice.
[    8.230664] systemd[1]: Created slice System Slice.
[[0;32m  OK  [0m] Created slice System Slice.
[    8.236173] systemd[1]: Listening on Device-mapper event daemon FIFOs.
[[0;32m  OK  [0m] Listening on Device-mapper event daemon FIFOs.
[[0;32m  OK  [0m] Listening on udev Control Socket.
[[0;32m  OK  [0m] Reached target Slices.
[[0;32m  OK  [0m] Listening on /dev/initctl Compatibility Named Pipe.
[[0;32m  OK  [0m] Listening on LVM2 metadata daemon socket.
[[0;32m  OK  [0m] Created slice system-serial\x2dgetty.slice.
[[0;32m  OK  [0m] Listening on udev Kernel Socket.
[[0;32m  OK  [0m] Listening on Journal Socket.
         Mounting Kernel Debug File System...
         Starting udev Coldplug all Devices...
         Starting Uncomplicated firewall...
         Starting Remount Root and Kernel File Systems...
[[0;32m  OK  [0m] Set up automount Arbitrary Executabâ€¦rmats File System Automount Point.
         Starting Set the console keyboard layout...
[[0;32m  OK  [0m] Reached target Swap.
[[0;32m  OK  [0m] Reached target System Time Synchronized.
[    8.352116] EXT4-fs (sda1): re-mounted. Opts: (null)
         Starting Load Kernel Modules...
         Mounting Huge Pages File System...
[[0;32m  OK  [0m] Started Forward Password Requests to Wall Directory Watch.
[[0;32m  OK  [0m] Listening on Syslog Socket.
         Starting Create list of required stâ€¦ce nodes for the current kernel...
         Mounting POSIX Message Queue File System...
[[0;32m  OK  [0m] Listening on Journal Audit Socket.
         Starting Monitoring of LVM2 mirrorsâ€¦ng dmeventd or progress polling...
[[0;32m  OK  [0m] Listening on LVM2 poll daemon socket.
[[0;32m  OK  [0m] Listening on Journal Socket (/dev/log).
[[0;32m  OK  [0m] Listening on Network Service Netlink Socket.
         Starting Journal Service...
[[0;32m  OK  [0m] Mounted Kernel Debug File System.
[[0;32m  OK  [0m] Started Uncomplicated firewall.
[[0;32m  OK  [0m] Started Remount Root and Kernel File Systems.
[[0;32m  OK  [0m] Mounted Huge Pages File System.
[[0;32m  OK  [0m] Started Create list of required staâ€¦vice nodes for the current kernel.
[[0;32m  OK  [0m] Mounted POSIX Message Queue File System.
         Starting Create Static Device Nodes in /dev...
         Starting Load/Save Random Seed...
[    8.517682] Loading iSCSI transport class v2.0-870.
[[0;32m  OK  [0m] Started LVM2 metadata daemon.
[[0;32m  OK  [0m] Started Load/Save Random Seed.
[[0;32m  OK  [0m] Started Create Static Device Nodes in /dev.
         Starting udev Kernel Device Manager...
[    8.676207] iscsi: registered transport (tcp)
[    8.689055] random: crng init done
[    8.690701] random: 7 urandom warning(s) missed due to ratelimiting
[[0;32m  OK  [0m] Started Monitoring of LVM2 mirrors,â€¦sing dmeventd or progress polling.
[[0;32m  OK  [0m] Started udev Kernel Device Manager.
[    8.840576] iscsi: registered transport (iser)
[[0;32m  OK  [0m] Started Load Kernel Modules.
         Mounting FUSE Control File System...
         Mounting Kernel Configuration File System...
         Starting Apply Kernel Variables...
[[0;32m  OK  [0m] Mounted FUSE Control File System.
[[0;32m  OK  [0m] Mounted Kernel Configuration File System.
[[0;32m  OK  [0m] Started Apply Kernel Variables.
[[0;32m  OK  [0m] Started udev Coldplug all Devices.
[[0;32m  OK  [0m] Started Journal Service.
         Starting Flush Journal to Persistent Storage...
[[0;32m  OK  [0m] Started Flush Journal to Persistent Storage.
[[0;32m  OK  [0m] Started Set the console keyboard layout.
[[0;32m  OK  [0m] Started Dispatch Password Requests to Console Directory Watch.
[[0;32m  OK  [0m] Reached target Local Encrypted Volumes.
[[0;32m  OK  [0m] Reached target Local File Systems (Pre).
[[0;32m  OK  [0m] Reached target Local File Systems.
         Starting AppArmor initialization...
         Starting Commit a transient machine-id on disk...
         Starting Create Volatile Files and Directories...
         Starting ebtables ruleset management...
         Starting Tell Plymouth To Write Out Runtime Data...
         Starting Set console font and keymap...
[[0;32m  OK  [0m] Started Tell Plymouth To Write Out Runtime Data.
[[0;32m  OK  [0m] Started Commit a transient machine-id on disk.
[[0;32m  OK  [0m] Started Set console font and keymap.
[[0;32m  OK  [0m] Started Create Volatile Files and Directories.
         Starting Update UTMP about System Boot/Shutdown...
[[0;32m  OK  [0m] Started Update UTMP about System Boot/Shutdown.
[[0;32m  OK  [0m] Started ebtables ruleset management.
[[0;32m  OK  [0m] Found device /dev/ttyS0.
[[0;32m  OK  [0m] Listening on Load/Save RF Kill Switch Status /dev/rfkill Watch.
[[0;32m  OK  [0m] Started AppArmor initialization.
         Starting Load AppArmor profiles managed internally by snapd...
         Starting Initial cloud-init job (pre-networking)...
[[0;32m  OK  [0m] Started Load AppArmor profiles managed internally by snapd.
[   21.241972] cloud-init[565]: Cloud-init v. 20.3-2-g371b392c-0ubuntu1~18.04.1 running 'init-local' at Fri, 09 Oct 2020 17:10:11 +0000. Up 20.22 seconds.
[[0;32m  OK  [0m] Started Initial cloud-init job (pre-networking).
[[0;32m  OK  [0m] Reached target Network (Pre).
         Starting Network Service...
[[0;32m  OK  [0m] Started Network Service.
         Starting Wait for Network to be Configured...
         Starting Network Name Resolution...
[[0;32m  OK  [0m] Started Network Name Resolution.
[[0;32m  OK  [0m] Reached target Host and Network Name Lookups.
[[0;32m  OK  [0m] Reached target Network.
[[0;32m  OK  [0m] Started Wait for Network to be Configured.
         Starting Initial cloud-init job (metadata service crawler)...
[   25.732684] cloud-init[655]: Cloud-init v. 20.3-2-g371b392c-0ubuntu1~18.04.1 running 'init' at Fri, 09 Oct 2020 17:10:15 +0000. Up 24.79 seconds.
[   25.744709] cloud-init[655]: ci-info: ++++++++++++++++++++++++++++++++++++++Net device info+++++++++++++++++++++++++++++++++++++++
[   25.759528] cloud-init[655]: ci-info: +--------+-------+----------------------------+---------------+--------+-------------------+
[   25.775950] cloud-init[655]: ci-info: | Device |   Up  |          Address           |      Mask     | Scope  |     Hw-Address    |
[   25.789422] cloud-init[655]: ci-info: +--------+-------+----------------------------+---------------+--------+-------------------+
[   25.799667] cloud-init[655]: ci-info: | enp0s3 |  True |         10.0.2.15          | 255.255.255.0 | global | 02:7d:29:b6:4b:3c |
[   25.813438] cloud-init[655]: ci-info: | enp0s3 |  True | fe80::7d:29ff:feb6:4b3c/64 |       .       |  link  | 02:7d:29:b6:4b:3c |
[   25.832545] cloud-init[655]: ci-info: | enp0s8 | False |             .              |       .       |   .    | 08:00:27:d2:4f:6f |
[   25.849865] cloud-init[655]: ci-info: |   lo   |  True |         127.0.0.1          |   255.0.0.0   |  host  |         .         |
[   25.887895] cloud-init[655]: ci-info: |   lo   |  True |          ::1/128           |       .       |  host  |         .         |
[   25.907407] cloud-init[655]: ci-info: +--------+-------+----------------------------+---------------+--------+-------------------+
[   25.928215] cloud-init[655]: ci-info: ++++++++++++++++++++++++++++Route IPv4 info+++++++++++++++++++++++++++++
[   25.944424] cloud-init[655]: ci-info: +-------+-------------+----------+-----------------+-----------+-------+
[   25.961959] cloud-init[655]: ci-info: | Route | Destination | Gateway  |     Genmask     | Interface | Flags |
[   25.989432] cloud-init[655]: ci-info: +-------+-------------+----------+-----------------+-----------+-------+
[   26.005220] cloud-init[655]: ci-info: |   0   |   0.0.0.0   | 10.0.2.2 |     0.0.0.0     |   enp0s3  |   UG  |
[   26.011846] cloud-init[655]: ci-info: |   1   |   10.0.2.0  | 0.0.0.0  |  255.255.255.0  |   enp0s3  |   U   |
[   26.024605] cloud-init[655]: ci-info: |   2   |   10.0.2.2  | 0.0.0.0  | 255.255.255.255 |   enp0s3  |   UH  |
[   26.043593] cloud-init[655]: ci-info: +-------+-------------+----------+-----------------+-----------+-------+
[   26.056868] cloud-init[655]: ci-info: +++++++++++++++++++Route IPv6 info+++++++++++++++++++
[   26.073055] cloud-init[655]: ci-info: +-------+-------------+---------+-----------+-------+
[   26.081139] cloud-init[655]: ci-info: | Route | Destination | Gateway | Interface | Flags |
[   26.092549] cloud-init[655]: ci-info: +-------+-------------+---------+-----------+-------+
[   26.107424] cloud-init[655]: ci-info: |   1   |  fe80::/64  |    ::   |   enp0s3  |   U   |
[   26.120705] cloud-init[655]: ci-info: |   3   |    local    |    ::   |   enp0s3  |   U   |
[   26.136843] cloud-init[655]: ci-info: |   4   |   ff00::/8  |    ::   |   enp0s3  |   U   |
[   26.145392] cloud-init[655]: ci-info: +-------+-------------+---------+-----------+-------+
[   27.847340] cloud-init[655]: Generating public/private rsa key pair.
[   27.856532] cloud-init[655]: Your identification has been saved in /etc/ssh/ssh_host_rsa_key.
[   27.864553] cloud-init[655]: Your public key has been saved in /etc/ssh/ssh_host_rsa_key.pub.
[   27.868527] cloud-init[655]: The key fingerprint is:
[   27.872412] cloud-init[655]: SHA256:niRRpxvbuVFpcUWHNPmivLlpN+9m6eBIC2WJB1b0j98 root@ubuntu-bionic
[   27.885064] cloud-init[655]: The key's randomart image is:
[   27.892935] cloud-init[655]: +---[RSA 2048]----+
[   27.895847] cloud-init[655]: |        . oo..+=+|
[   27.902639] cloud-init[655]: |       . o. .+o..|
[   27.909664] cloud-init[655]: |      . oo  +. . |
[   27.916689] cloud-init[655]: |       ..=o+. + .|
[   27.919252] cloud-init[655]: |      . S.+* o o |
[   27.926275] cloud-init[655]: |       + .+oo . .|
[   27.933115] cloud-init[655]: |        o... + .E|
[   27.940542] cloud-init[655]: |          o B.+.o|
[   27.942593] cloud-init[655]: |           +o+.Bo|
[   27.949037] cloud-init[655]: +----[SHA256]-----+
[   27.952650] cloud-init[655]: Generating public/private dsa key pair.
[   27.960488] cloud-init[655]: Your identification has been saved in /etc/ssh/ssh_host_dsa_key.
[   27.964852] cloud-init[655]: Your public key has been saved in /etc/ssh/ssh_host_dsa_key.pub.
[   27.972744] cloud-init[655]: The key fingerprint is:
[   27.982226] cloud-init[655]: SHA256:d4wyxxqbKZ/ZdErnaedGQMQRYSDINYHx0qhJjXHtTrs root@ubuntu-bionic
[   27.992721] cloud-init[655]: The key's randomart image is:
[   27.994943] cloud-init[655]: +---[DSA 1024]----+
[   28.001551] cloud-init[655]: |    ..o*=..+*+   |
[   28.009415] cloud-init[655]: |     =++.o .o    |
[   28.012708] cloud-init[655]: |    o +.o  .     |
[   28.020630] cloud-init[655]: |   . o .o. o.    |
[   28.025794] cloud-init[655]: |    o  oS.= o.   |
[   28.036545] cloud-init[655]: |        o@ .  .  |
[   28.040474] cloud-init[655]: |      . =.o o.   |
[   28.048813] cloud-init[655]: |       oE* =..o  |
[   28.051348] cloud-init[655]: |        + o.o+.  |
[   28.060569] cloud-init[655]: +----[SHA256]-----+
[   28.069086] cloud-init[655]: Generating public/private ecdsa key pair.
[   28.082163] cloud-init[655]: Your identification has been saved in /etc/ssh/ssh_host_ecdsa_key.
[   28.092982] cloud-init[655]: Your public key has been saved in /etc/ssh/ssh_host_ecdsa_key.pub.
[   28.100591] cloud-init[655]: The key fingerprint is:
[   28.102516] cloud-init[655]: SHA256:BTpKplb1GZTvNUosLZITEgIEaPoNWmaNRxE8/OWqpwI root@ubuntu-bionic
[   28.112314] cloud-init[655]: The key's randomart image is:
[   28.114619] cloud-init[655]: +---[ECDSA 256]---+
[   28.120628] cloud-init[655]: |*o.o++..+.       |
[   28.124403] cloud-init[655]: |.. .*..oo+       |
[   28.133484] cloud-init[655]: |o  +++o=o+.      |
[[0;32m  OK  [0m] Started Initial cloud-init job (metadata service crawler).[   28.141957] cloud-init[655]: |. *=o.=.+.= o    |
[[0;32m  OK  [0m] Reached target Cloud-config availability.
[[0;32m  OK  [0m
[   28.149118] cloud-init[655]: | *o+.  +S= o .   |
[   28.151969] ] Reached target Network is Online.
         Starting Availability of block devices...
[[0;32m  OK  [0m] Reached target Remote File Systems (Pre).cloud-init[655]: |E.. . .   o      |

[[0;32m  OK  [0m] Reached target Remote File Systems.[   28.178815] 
cloud-init[[0;32m  OK  [0m] Reached target System Initialization.[655]: | .   .           |
[   28.186342] cloud-init[655]: |  . . .          |
[[0;32m  OK  [0m] Listening on UUID daemon activation socket.
[[0;32m  OK  [0m] Started Message of the Day.

[[0;32m  OK  [0m] Started ACPI Events Check.
[   28.203801] cloud-init[655]: |   ..o           |
         Starting LXD - unix socket.[   28.215111] cloud-init
[[0;32m  OK  [0m] Started Daily Cleanup of Temporary Directories.
[[0;32m  OK  [0m] Listening on ACPID Listen Socket.
[[655]: +----[SHA256]-----+
[   28.230467] cloud-init[655]: Generating public/private ed25519 key pair.[0;32m  OK  [0m] Listening on D-Bus System Message Bus Socket.
[[0;32m  OK  [0m] Started Discard unused blocks once a week.
[[0;32m  OK  [0m] Started Daily apt download activities.
[   28.245699] cloud-init[655]: Your identification has been saved in /etc/ssh/ssh_host_ed25519_key.
[[0;32m  OK  [0m] Started Daily apt upgrade and clean activities.
[[0;32m  OK  [0m] Reached target Timers.
[
[   28.263311] cloud-init[0;32m  OK  [0m] Reached target Paths.
         [655]: Your public key has been saved in /etc/ssh/ssh_host_ed25519_key.pub.Starting Socket activation for snappy daemon.
[[0;32m  OK  [0m] Listening on Open-iSCSI iscsid Socket.
[[0;32m  OK  [0m] Started Availability of block devices.

[   28.288686] cloud-init[655]: The key fingerprint is:
[[0;32m  OK  [0m] Listening on LXD - unix socket.[   28.297585] cloud-init[655]: SHA256:TuUYAfj4eOtInge+9RekjXnM5uE5HZlsG81R4LKOmQY root@ubuntu-bionic
[[0;32m  OK  [0m] Listening on Socket activation for snappy daemon.
[[0;32m  OK  [0m] Reached target Sockets.
[[0;32m  OK  [0m] Reached target Basic System.

[   28.311146] cloud-init[655]:          Starting Pollinate to seed the pseudo random number generator...
The key's randomart image is:
[   28.321801] cloud-init[655]: +--[ED25519 256]--+
         Starting Login Service...
[   28.341757]          Starting Snap Daemon...
cloud-init[655]: |     ....     .. |
[   28.365662] cloud-init[655]: |    .    .   .  .|
[   28.383109] cloud-init[655]: |     o  . . . .. |
[   28.400433] cloud-init[655]: |    . .  =.  o.  |
[   28.404917] cloud-init[655]: |     o  EO...= . |
[   28.418956] cloud-init[655]: |    o oo+.O=B o  |
[   28.427303] cloud-init[655]: |   ..o...==*.+   |
[   28.438758] cloud-init[655]: |   o.+o. .* o    |
[[0;32m  OK  [0m] Started irqbalance daemon.
[[0;32m  OK  [0m] Started D-Bus System Message Bus.
[   28.486031] cloud-init[655]: |    =+. .. .     |
[   28.496686] cloud-init[655]: +----[SHA256]-----+
         Starting LSB: Record successful boot for GRUB...
         Starting LSB: automatic crash report generation...
[[0;32m  OK  [0m] Started Deferred execution scheduler.
         Starting Accounts Service...
         Starting Virtualbox guest utils...
         Starting Dispatcher daemon for systemd-networkd...
[[0;32m  OK  [0m] Started FUSE filesystem for LXC.
         Starting Permit User Sessions...
[[0;32m  OK  [0m] Started Regular background program processing daemon.
         Starting LXD - container startup/shutdown...
         Starting System Logging Service...
[[0;32m  OK  [0m] Started Login Service.
[[0;32m  OK  [0m] Started Unattended Upgrades Shutdown.
[[0;32m  OK  [0m] Started Permit User Sessions.
         Starting Terminate Plymouth Boot Screen...
         Starting Hold until boot process finishes up...
         Starting Authorization Manager...
[[0;32m  OK  [0m] Started Hold until boot process finishes up.
[[0;32m  OK  [0m] Started Terminate Plymouth Boot Screen.
[[0;32m  OK  [0m] Started LSB: Record successful boot for GRUB.
         Starting Set console scheme...
[[0;32m  OK  [0m] Started Serial Getty on ttyS0.
[[0;32m  OK  [0m] Started System Logging Service.
[[0;32m  OK  [0m] Started Set console scheme.
[[0;32m  OK  [0m] Created slice system-getty.slice.
[[0;32m  OK  [0m] Started Getty on tty1.
[[0;32m  OK  [0m] Reached target Login Prompts.
[[0;32m  OK  [0m] Started LSB: automatic crash report generation.
[[0;32m  OK  [0m] Started Authorization Manager.
[[0;32m  OK  [0m] Started Accounts Service.
[[0;32m  OK  [0m] Started LXD - container startup/shutdown.
[[0;32m  OK  [0m] Started Virtualbox guest utils.
[[0;32m  OK  [0m] Started Snap Daemon.
         Starting Wait until snapd is fully seeded...
[[0;32m  OK  [0m] Started Wait until snapd is fully seeded.
         Starting Apply the settings specified in cloud-config...
[[0;32m  OK  [0m] Started Dispatcher daemon for systemd-networkd.

Ubuntu 18.04.5 LTS ubuntu-bionic ttyS0

ubuntu-bionic login: [   37.608553] cloud-init[913]: Cloud-init v. 20.3-2-g371b392c-0ubuntu1~18.04.1 running 'modules:config' at Fri, 09 Oct 2020 17:10:26 +0000. Up 35.42 seconds.
ci-info: no authorized SSH keys fingerprints found for user ubuntu.
<14>Oct  9 17:10:33 ec2: 
<14>Oct  9 17:10:33 ec2: #############################################################
<14>Oct  9 17:10:33 ec2: -----BEGIN SSH HOST KEY FINGERPRINTS-----
<14>Oct  9 17:10:33 ec2: 1024 SHA256:d4wyxxqbKZ/ZdErnaedGQMQRYSDINYHx0qhJjXHtTrs root@ubuntu-bionic (DSA)
<14>Oct  9 17:10:33 ec2: 256 SHA256:BTpKplb1GZTvNUosLZITEgIEaPoNWmaNRxE8/OWqpwI root@ubuntu-bionic (ECDSA)
<14>Oct  9 17:10:33 ec2: 256 SHA256:TuUYAfj4eOtInge+9RekjXnM5uE5HZlsG81R4LKOmQY root@ubuntu-bionic (ED25519)
<14>Oct  9 17:10:33 ec2: 2048 SHA256:niRRpxvbuVFpcUWHNPmivLlpN+9m6eBIC2WJB1b0j98 root@ubuntu-bionic (RSA)
<14>Oct  9 17:10:33 ec2: -----END SSH HOST KEY FINGERPRINTS-----
<14>Oct  9 17:10:33 ec2: #############################################################
-----BEGIN SSH HOST KEY KEYS-----
ecdsa-sha2-nistp256 AAAAE2VjZHNhLXNoYTItbmlzdHAyNTYAAAAIbmlzdHAyNTYAAABBBCJQL92Lb22wAhEGMmkJ17NbT2M81BaZZAuJLDXiaWlfJaWSTG9fPqrBzELvG3LqWeAwOqmV55GVlRjhnS53SaY= root@ubuntu-bionic
ssh-ed25519 AAAAC3NzaC1lZDI1NTE5AAAAIAqRUHUFvwBCVQU0pMAHZlcnaa/u046BChn6lAFnlis7 root@ubuntu-bionic
ssh-rsa AAAAB3NzaC1yc2EAAAADAQABAAABAQDoATNYMta+uadu+zgwvYKzaQ2DS7Xf8gHe5BCkkxQteRSU80qeXvdN5vjiGnCaLgZqo8bB04SPWn2sLfDDAA90xod4eHMKDjLJTQSHoAC4cogqycwr/MAi/s2QbDvaqKVUxlIxtevLslFw9Fc1rtM9lztN4t3owsNkMYWPkIiG4xsyqTMnPMQLbcZxybTIT7CAcrmpZoQVR9dHn8rmNveQMN6mQzg6XeXda1Lm7+ptZJM9ikw90/v5K0XiygJmVm38S+P3kaC0FPa+j6Pcm/ADNI+DJWbX7LvlaU1gv+lSjlU0aIn/S+jn4Illpl1wdl3dWDL0matn8iCwQDwmicuV root@ubuntu-bionic
-----END SSH HOST KEY KEYS-----
[   42.831859] cloud-init[1037]: Cloud-init v. 20.3-2-g371b392c-0ubuntu1~18.04.1 running 'modules:final' at Fri, 09 Oct 2020 17:10:32 +0000. Up 41.69 seconds.
[   42.856103] cloud-init[1037]: ci-info: no authorized SSH keys fingerprints found for user ubuntu.
[   42.870487] cloud-init[1037]: Cloud-init v. 20.3-2-g371b392c-0ubuntu1~18.04.1 finished at Fri, 09 Oct 2020 17:10:33 +0000. Datasource DataSourceNoCloud [seed=/dev/sdb][dsmode=net].  Up 42.77 seconds
[[0;32m  OK  [0m] Stopped Unattended Upgrades Shutdown.
[[0;32m  OK  [0m] Stopped target Host and Network Name Lookups.
[[0;32m  OK  [0m] Stopped target Timers.
[[0;32m  OK  [0m] Stopped Message of the Day.
[[0;32m  OK  [0m] Stopped Daily Cleanup of Temporary Directories.
         Stopping Availability of block devices...
         Stopping User Manager for UID 1000...
[[0;32m  OK  [0m] Stopped target Cloud-init target.
         Stopping Authorization Manager...
[[0;32m  OK  [0m] Stopped Execute cloud user/final scripts.
[[0;32m  OK  [0m] Closed Load/Save RF Kill Switch Status /dev/rfkill Watch.
[[0;32m  OK  [0m] Stopped Discard unused blocks once a week.
         Unmounting /vagrant...
[[0;32m  OK  [0m] Stopped Daily apt upgrade and clean activities.
[[0;32m  OK  [0m] Stopped Daily apt download activities.
[[0;32m  OK  [0m] Stopped Apply the settings specified in cloud-config.
[[0;32m  OK  [0m] Stopped target Cloud-config availability.
[[0;32m  OK  [0m] Stopped target System Time Synchronized.
         Stopping Session 9 of user vagrant.
[[0;32m  OK  [0m] Stopped target Graphical Interface.
         Stopping Accounts Service...
[[0;32m  OK  [0m] Stopped target Multi-User System.
         Stopping OpenBSD Secure Shell server...
         Stopping Regular background program processing daemon...
         Stopping LXD - container startup/shutdown...
         Stopping LSB: automatic crash report generation...
         Stopping FUSE filesystem for LXC...
         Stopping Virtualbox guest utils...
         Stopping LSB: Record successful boot for GRUB...
         Stopping Docker Application Container Engine...
[[0;32m  OK  [0m] Stopped Wait until snapd is fully seeded.
[[0;32m  OK  [0m] Stopped target Login Prompts.
         Stopping Serial Getty on ttyS0...
         Stopping Getty on tty1...
         Stopping D-Bus System Message Bus...
         Stopping Deferred execution scheduler...
         Stopping Dispatcher daemon for systemd-networkd...
         Stopping System Logging Service...
[[0;32m  OK  [0m] Unmounted /var/lib/lxcfs.
[[0;32m  OK  [0m] Stopped Deferred execution scheduler.
[[0;32m  OK  [0m] Stopped Accounts Service.
[[0;32m  OK  [0m] Stopped Dispatcher daemon for systemd-networkd.
[[0;32m  OK  [0m] Stopped Regular background program processing daemon.
[[0;32m  OK  [0m] Stopped Authorization Manager.
[[0;32m  OK  [0m] Stopped Serial Getty on ttyS0.
[[0;32m  OK  [0m] Stopped System Logging Service.
[[0;32m  OK  [0m] Stopped Getty on tty1.
[[0;32m  OK  [0m] Stopped OpenBSD Secure Shell server.
[[0;32m  OK  [0m] Stopped User Manager for UID 1000.
[[0;32m  OK  [0m] Unmounted /vagrant.
[[0;32m  OK  [0m] Stopped D-Bus System Message Bus.
[[0;32m  OK  [0m] Stopped FUSE filesystem for LXC.
[[0;32m  OK  [0m] Stopped Session 9 of user vagrant.
[[0;32m  OK  [0m] Stopped Availability of block devices.
[[0;32m  OK  [0m] Stopped LXD - container startup/shutdown.
[[0;32m  OK  [0m] Removed slice User Slice of vagrant.
         Stopping Login Service...
[[0;32m  OK  [0m] Removed slice system-getty.slice.
[[0;32m  OK  [0m] Removed slice system-serial\x2dgetty.slice.
         Stopping Permit User Sessions...
[[0;32m  OK  [0m] Stopped Login Service.
[[0;32m  OK  [0m] Stopped Permit User Sessions.
[[0;32m  OK  [0m] Stopped target User and Group Name Lookups.
[[0;32m  OK  [0m] Stopped LSB: Record successful boot for GRUB.
[[0;32m  OK  [0m] Stopped LSB: automatic crash report generation.
[[0;32m  OK  [0m] Stopped target Remote File Systems.
[[0;32m  OK  [0m] Stopped target Remote File Systems (Pre).
[[0;32m  OK  [0m] Stopped Virtualbox guest utils.
[[0;32m  OK  [0m] Unmounted /run/docker/netns/bbbefe995098.
[[0;32m  OK  [0m] Unmounted /var/lib/docker/overlay2/â€¦ffeecdfd4414334c28db1940c6/merged.
[[0;32m  OK  [0m] Stopped Docker Application Container Engine.
[[0;32m  OK  [0m] Stopped target Network is Online.
         Stopping containerd container runtime...
[[0;32m  OK  [0m] Stopped containerd container runtime.
[[0;32m  OK  [0m] Stopped target Network.
         Stopping Network Name Resolution...
[[0;32m  OK  [0m] Stopped target Basic System.
[[0;32m  OK  [0m] Stopped target Slices.
[[0;32m  OK  [0m] Removed slice User and Session Slice.
[[0;32m  OK  [0m] Stopped target Sockets.
[[0;32m  OK  [0m] Closed D-Bus System Message Bus Socket.
[[0;32m  OK  [0m] Closed Open-iSCSI iscsid Socket.
[[0;32m  OK  [0m] Closed Socket activation for snappy daemon.
[[0;32m  OK  [0m] Closed ACPID Listen Socket.
[[0;32m  OK  [0m] Closed Syslog Socket.
[[0;32m  OK  [0m] Closed LXD - unix socket.
[[0;32m  OK  [0m] Closed UUID daemon activation socket.
[[0;32m  OK  [0m] Closed Docker Socket for the API.
[[0;32m  OK  [0m] Stopped target Paths.
[[0;32m  OK  [0m] Stopped ACPI Events Check.
[[0;32m  OK  [0m] Stopped target System Initialization.
[[0;32m  OK  [0m] Stopped Commit a transient machine-id on disk.
         Stopping Load/Save Random Seed...
[[0;32m  OK  [0m] Stopped Initial cloud-init job (metadata service crawler).
[[0;32m  OK  [0m] Stopped target Local Encrypted Volumes.
[[0;32m  OK  [0m] Stopped Forward Password Requests to Wall Directory Watch.
[[0;32m  OK  [0m] Stopped Dispatch Password Requests to Console Directory Watch.
         Stopping Update UTMP about System Boot/Shutdown...
[[0;32m  OK  [0m] Stopped Network Name Resolution.
[[0;32m  OK  [0m] Stopped Load/Save Random Seed.
         Stopping Network Service...
[[0;32m  OK  [0m] Stopped Update UTMP about System Boot/Shutdown.
[[0;32m  OK  [0m] Stopped Network Service.
[[0;32m  OK  [0m] Stopped Apply Kernel Variables.
[[0;32m  OK  [0m] Stopped Load Kernel Modules.
[[0;32m  OK  [0m] Stopped target Network (Pre).
[[0;32m  OK  [0m] Stopped Initial cloud-init job (pre-networking).
[[0;32m  OK  [0m] Stopped Create Volatile Files and Directories.
[[0;32m  OK  [0m] Stopped target Local File Systems.
         Unmounting /run/user/1000...
[[0;32m  OK  [0m] Unmounted /run/user/1000.
[[0;32m  OK  [0m] Reached target Unmount All Filesystems.
[[0;32m  OK  [0m] Stopped target Local File Systems (Pre).
         Stopping Monitoring of LVM2 mirrorsâ€¦ng dmeventd or progress polling...
[[0;32m  OK  [0m] Stopped Remount Root and Kernel File Systems.
[[0;32m  OK  [0m] Stopped Create Static Device Nodes in /dev.
[[0;32m  OK  [0m] Stopped target Swap.
[[0;32m  OK  [0m] Reached target Shutdown.
[[0;32m  OK  [0m] Reached target Final Step.
         Starting Power-Off...
[ 1540.505604] reboot: Power down
